
> rest-express@1.0.0 build:client
> vite build --outDir dist/client --emptyOutDir

[36mvite v5.4.20 [32mbuilding for production...[36m[39m
transforming...
node.exe : 
At line:1 char:1
+ & "C:\Program Files
\nodejs/node.exe" 
"C:\Program 
Files\nodejs/node_mo 
...
+ ~~~~~~~~~~~~~~~~~~~
~~~~~~~~~~~~~~~~~~~~~
~~~~~~~~~~~~~~~~~~~~~
~~~~~~~~
    + CategoryInfo   
           : NotSpe  
  cified: (:String   
 ) [], RemoteExce    
ption
    + FullyQualified 
   ErrorId : Native  
  CommandError
 
A PostCSS plugin did 
not pass the `from` 
option to 
`postcss.parse`. 
This may cause 
imported assets to 
be incorrectly 
transformed. If 
you've recently 
added a PostCSS 
plugin that raised 
this warning, please 
contact the package 
author to fix the 
issue.
[32mΓ£ô[39m 2562 modules transformed.
rendering chunks...
computing gzip size...
[2mdist/client/[22m[32mmanifest.webmanifest                        [39m[1m[2m  0.62 kB[22m[1m[22m
[2mdist/client/[22m[32mindex.html                                  [39m[1m[2m  1.10 kB[22m[1m[22m[2m Γöé gzip:   0.57 kB[22m
[2mdist/client/[22m[35massets/index-BctSppzD.css                   [39m[1m[2m 86.84 kB[22m[1m[22m[2m Γöé gzip:  13.91 kB[22m
[2mdist/client/[22m[36massets/web-CjeIac6f.js                      [39m[1m[2m  2.44 kB[22m[1m[22m[2m Γöé gzip:   1.09 kB[22m
[2mdist/client/[22m[36massets/workbox-window.prod.es5-vqzQaGvo.js  [39m[1m[2m  5.72 kB[22m[1m[22m[2m Γöé gzip:   2.35 kB[22m
[2mdist/client/[22m[36massets/index-BRrGMtag.js                    [39m[1m[2m464.00 kB[22m[1m[22m[2m Γöé gzip: 146.01 kB[22m
[32mΓ£ô built in 7.14s[39m

PWA v1.1.0
mode      generateSW
precache  18 entries (4163.55 KiB)
files generated
  dist/client/sw.js
  dist/client/workbox-1d305bb8.js
