Reading .env from: F:\APPS\Crop-Doctor FINAL\Crop-Doctor\.env
Found GROQ_API_KEY in .env file.
Connecting to Groq API at https://api.groq.com/openai/v1/chat/completions...
API Key found: gsk_m...
node.exe : 
At line:1 char:1
+ & "C:\Program Files
\nodejs/node.exe" 
"C:\Program 
Files\nodejs/node_mo 
...
+ ~~~~~~~~~~~~~~~~~~~
~~~~~~~~~~~~~~~~~~~~~
~~~~~~~~~~~~~~~~~~~~~
~~~~~~~~
    + CategoryInfo   
           : NotSpe  
  cified: (:String   
 ) [], RemoteExce    
ption
    + FullyQualified 
   ErrorId : Native  
  CommandError
 
Error calling Groq 
API: Error: API 
Error: 400 Bad 
Request - {"error":{"
message":"The model 
`llama3-8b-8192` has 
been decommissioned 
and is no longer 
supported. Please 
refer to https://cons
ole.groq.com/docs/dep
recations for a 
recommendation on 
which model to use in
stead.","type":"inval
id_request_error","co
de":"model_decommissi
oned"}}

    at main 
(F:\APPS\Crop-Doctor 
FINAL\Crop-Doctor\scr
ipts\test-groq.ts:57:
19)
    at process.proces
sTicksAndRejections (
node:internal/process
/task_queues:103:5)
